---
source: crates/covguard-app/src/lib.rs
assertion_line: 1770
expression: report_json
---
{
  "data": {
    "changed_lines_total": 3,
    "covered_lines": 3,
    "diff_coverage_pct": 100.0,
    "inputs": {
      "diff_file": "fixtures/diff/simple_added.patch",
      "diff_source": "diff-file",
      "lcov_paths": [
        "fixtures/lcov/covered.info"
      ]
    },
    "missing_lines": 0,
    "scope": "added",
    "threshold_pct": 80.0,
    "uncovered_lines": 0
  },
  "findings": [],
  "run": {
    "duration_ms": 0,
    "ended_at": "2026-02-02T00:00:00Z",
    "started_at": "2026-02-02T00:00:00Z"
  },
  "schema": "covguard.report.v1",
  "tool": {
    "name": "covguard",
    "version": "0.2.0"
  },
  "verdict": {
    "counts": {
      "error": 0,
      "info": 0,
      "warn": 0
    },
    "reasons": [
      "diff_covered"
    ],
    "status": "pass"
  }
}
